// Jest Snapshot v1, https://goo.gl/fbAQLP

exports[`Components MapIcons should render ShopIcon 1`] = `
<svg
  height={40}
  viewBox="0 0 33 33"
  width={40}
  xmlnsXlink="http://www.w3.org/1999/xlink"
>
  <title>
    icon shop
  </title>
  <defs>
    <circle
      cx={9.694}
      cy={9.694}
      id="a"
      r={9.694}
    />
    <filter
      filterUnits="objectBoundingBox"
      height="198%"
      id="b"
      width="198%"
      x="-49%"
      y="-49%"
    >
      <feMorphology
        in="SourceAlpha"
        operator="dilate"
        radius={2}
        result="shadowSpreadOuter1"
      />
      <feOffset
        in="shadowSpreadOuter1"
        result="shadowOffsetOuter1"
      />
      <feGaussianBlur
        in="shadowOffsetOuter1"
        result="shadowBlurOuter1"
        stdDeviation={2.5}
      />
      <feComposite
        in="shadowBlurOuter1"
        in2="SourceAlpha"
        operator="out"
        result="shadowBlurOuter1"
      />
      <feColorMatrix
        in="shadowBlurOuter1"
        values="0 0 0 0 0 0 0 0 0 0 0 0 0 0 0 0 0 0 0.5 0"
      />
    </filter>
  </defs>
  <g
    fill="none"
    fillRule="evenodd"
    transform="translate(6.762 7)"
  >
    <mask
      fill="#fff"
      id="c"
    >
      <use
        xlinkHref="#a"
      />
    </mask>
    <use
      fill="#000"
      filter="url(#b)"
      xlinkHref="#a"
    />
    <circle
      cx={9.694}
      cy={9.694}
      fill="#59E1CC"
      r={10.694}
      stroke="#FFF"
      strokeWidth={2}
    />
    <g
      fill="#FFF"
      mask="url(#c)"
    >
      <path
        d="M14.131 5.795H5.71l-.546-1.652a.554.554 0 0 0-.526-.38h-1.13a.554.554 0 0 0 0 1.108h.73l.545 1.652 1.94 5.81a.554.554 0 0 0 .527.38h5.162a.554.554 0 0 0 .531-.397l1.72-5.81a.554.554 0 0 0-.53-.71zM8.79 14.53a1.208 1.208 0 1 1-2.416 0 1.208 1.208 0 0 1 2.416 0M13.234 14.53a1.208 1.208 0 1 1-2.417 0 1.208 1.208 0 0 1 2.417 0"
      />
    </g>
  </g>
</svg>
`;

exports[`Components MapIcons should render a ClusterShopIcon 1`] = `
.c0 {
  width: 2.6rem;
  height: 2.6rem;
  padding: 0.4rem;
  border-radius: 50%;
  border: solid 0.3rem #FFFFFF;
  box-shadow: 0 0 0.5rem rgba(0,0,0,0.3);
  background: #59E1CC;
  -webkit-transform: translateX(-50%) translateY(-50%);
  -ms-transform: translateX(-50%) translateY(-50%);
  transform: translateX(-50%) translateY(-50%);
  padding-top: 0.6rem;
  width: 3rem;
  height: 3rem;
}

.c0 svg {
  display: block;
  width: 1.2rem;
  fill: #FFFFFF;
  overflow: visible;
}

.c0 div {
  color: #FFFFFF;
  text-align: center;
  font-size: 1.2rem;
  line-height: 1;
  font-weight: bold;
}

<div
  className="c0"
>
  <div>
    3
  </div>
</div>
`;
