// Jest Snapshot v1, https://goo.gl/fbAQLP

exports[`Components Mention should render Mention 1`] = `
.c0 {
  font-size: 1.2rem;
  color: #121E38;
}

<div
  className="c0"
>
  Mention
</div>
`;
