// Jest Snapshot v1, https://goo.gl/fbAQLP

exports[`Home::mount 1`] = `undefined`;

exports[`Home::shallow 1`] = `
ShallowWrapper {
  "length": 1,
  Symbol(enzyme.__root__): [Circular],
  Symbol(enzyme.__unrendered__): <Home
    acceptTerms={[Function]}
    hasEnoughDth={true}
    hasEnoughEth={true}
    hasGoodNetwork={true}
    isMetamaskInstalled={true}
    minDth="100"
    minEth={40}
    toggleTermsModal={[Function]}
/>,
  Symbol(enzyme.__renderer__): Object {
    "batchedUpdates": [Function],
    "getNode": [Function],
    "render": [Function],
    "simulateEvent": [Function],
    "unmount": [Function],
  },
  Symbol(enzyme.__node__): Object {
    "instance": null,
    "key": undefined,
    "nodeType": "function",
    "props": Object {
      "children": Array [
        <styled.div>
          <Svg
                    type="SvgHome"
          />
          <styled.div
                    all={null}
                    bottom="m"
                    horizontal={null}
                    left={null}
                    right={null}
                    top={null}
                    vertical={null}
          >
                    <styled.h1>
                              CRYPTOCURRENCY FOR SHOPS
                               
                              <styled.span>
                                        v
                                        1.1.1
                              </styled.span>
                    </styled.h1>
          </styled.div>
          <styled.div
                    all={null}
                    bottom={null}
                    horizontal={null}
                    left={null}
                    right={null}
                    top={null}
                    vertical="l"
          >
                    <span>
                              Add your retail business on the Dether map. Expand your visibility in the Dether ecosystem of crypto buyers and sellers.
                    </span>
          </styled.div>
          <Message
                    alignCenter={true}
                    alignLeft={false}
                    theme="error"
                    withIcon={true}
          >
                    Your browser is not supported, Metamask is available on Google Chrome and Firefox only.
          </Message>
</styled.div>,
        <styled.div
          all={null}
          bottom={null}
          horizontal={null}
          left={null}
          right={null}
          top={null}
          vertical="s"
>
          <Footer
                    toggleTermsModal={[Function]}
          />
</styled.div>,
      ],
    },
    "ref": null,
    "rendered": Array [
      Object {
        "instance": null,
        "key": undefined,
        "nodeType": "class",
        "props": Object {
          "children": Array [
            <Svg
              type="SvgHome"
/>,
            <styled.div
              all={null}
              bottom="m"
              horizontal={null}
              left={null}
              right={null}
              top={null}
              vertical={null}
>
              <styled.h1>
                            CRYPTOCURRENCY FOR SHOPS
                             
                            <styled.span>
                                          v
                                          1.1.1
                            </styled.span>
              </styled.h1>
</styled.div>,
            <styled.div
              all={null}
              bottom={null}
              horizontal={null}
              left={null}
              right={null}
              top={null}
              vertical="l"
>
              <span>
                            Add your retail business on the Dether map. Expand your visibility in the Dether ecosystem of crypto buyers and sellers.
              </span>
</styled.div>,
            <Message
              alignCenter={true}
              alignLeft={false}
              theme="error"
              withIcon={true}
>
              Your browser is not supported, Metamask is available on Google Chrome and Firefox only.
</Message>,
          ],
        },
        "ref": null,
        "rendered": Array [
          Object {
            "instance": null,
            "key": undefined,
            "nodeType": "function",
            "props": Object {
              "type": "SvgHome",
            },
            "ref": null,
            "rendered": null,
            "type": [Function],
          },
          Object {
            "instance": null,
            "key": undefined,
            "nodeType": "class",
            "props": Object {
              "all": null,
              "bottom": "m",
              "children": <styled.h1>
                CRYPTOCURRENCY FOR SHOPS
                 
                <styled.span>
                                v
                                1.1.1
                </styled.span>
</styled.h1>,
              "horizontal": null,
              "left": null,
              "right": null,
              "top": null,
              "vertical": null,
            },
            "ref": null,
            "rendered": Object {
              "instance": null,
              "key": undefined,
              "nodeType": "class",
              "props": Object {
                "children": Array [
                  "CRYPTOCURRENCY FOR SHOPS",
                  " ",
                  <styled.span>
                    v
                    1.1.1
</styled.span>,
                ],
              },
              "ref": null,
              "rendered": Array [
                "CRYPTOCURRENCY FOR SHOPS",
                " ",
                Object {
                  "instance": null,
                  "key": undefined,
                  "nodeType": "class",
                  "props": Object {
                    "children": Array [
                      "v",
                      "1.1.1",
                    ],
                  },
                  "ref": null,
                  "rendered": Array [
                    "v",
                    "1.1.1",
                  ],
                  "type": [Function],
                },
              ],
              "type": [Function],
            },
            "type": [Function],
          },
          Object {
            "instance": null,
            "key": undefined,
            "nodeType": "class",
            "props": Object {
              "all": null,
              "bottom": null,
              "children": <span>
                Add your retail business on the Dether map. Expand your visibility in the Dether ecosystem of crypto buyers and sellers.
</span>,
              "horizontal": null,
              "left": null,
              "right": null,
              "top": null,
              "vertical": "l",
            },
            "ref": null,
            "rendered": Object {
              "instance": null,
              "key": undefined,
              "nodeType": "host",
              "props": Object {
                "children": "Add your retail business on the Dether map. Expand your visibility in the Dether ecosystem of crypto buyers and sellers.",
              },
              "ref": null,
              "rendered": "Add your retail business on the Dether map. Expand your visibility in the Dether ecosystem of crypto buyers and sellers.",
              "type": "span",
            },
            "type": [Function],
          },
          Object {
            "instance": null,
            "key": undefined,
            "nodeType": "function",
            "props": Object {
              "alignCenter": true,
              "alignLeft": false,
              "children": "Your browser is not supported, Metamask is available on Google Chrome and Firefox only.",
              "theme": "error",
              "withIcon": true,
            },
            "ref": null,
            "rendered": "Your browser is not supported, Metamask is available on Google Chrome and Firefox only.",
            "type": [Function],
          },
        ],
        "type": [Function],
      },
      Object {
        "instance": null,
        "key": undefined,
        "nodeType": "class",
        "props": Object {
          "all": null,
          "bottom": null,
          "children": <Footer
            toggleTermsModal={[Function]}
/>,
          "horizontal": null,
          "left": null,
          "right": null,
          "top": null,
          "vertical": "s",
        },
        "ref": null,
        "rendered": Object {
          "instance": null,
          "key": undefined,
          "nodeType": "function",
          "props": Object {
            "toggleTermsModal": [Function],
          },
          "ref": null,
          "rendered": null,
          "type": [Function],
        },
        "type": [Function],
      },
    ],
    "type": Symbol(react.fragment),
  },
  Symbol(enzyme.__nodes__): Array [
    Object {
      "instance": null,
      "key": undefined,
      "nodeType": "function",
      "props": Object {
        "children": Array [
          <styled.div>
            <Svg
                        type="SvgHome"
            />
            <styled.div
                        all={null}
                        bottom="m"
                        horizontal={null}
                        left={null}
                        right={null}
                        top={null}
                        vertical={null}
            >
                        <styled.h1>
                                    CRYPTOCURRENCY FOR SHOPS
                                     
                                    <styled.span>
                                                v
                                                1.1.1
                                    </styled.span>
                        </styled.h1>
            </styled.div>
            <styled.div
                        all={null}
                        bottom={null}
                        horizontal={null}
                        left={null}
                        right={null}
                        top={null}
                        vertical="l"
            >
                        <span>
                                    Add your retail business on the Dether map. Expand your visibility in the Dether ecosystem of crypto buyers and sellers.
                        </span>
            </styled.div>
            <Message
                        alignCenter={true}
                        alignLeft={false}
                        theme="error"
                        withIcon={true}
            >
                        Your browser is not supported, Metamask is available on Google Chrome and Firefox only.
            </Message>
</styled.div>,
          <styled.div
            all={null}
            bottom={null}
            horizontal={null}
            left={null}
            right={null}
            top={null}
            vertical="s"
>
            <Footer
                        toggleTermsModal={[Function]}
            />
</styled.div>,
        ],
      },
      "ref": null,
      "rendered": Array [
        Object {
          "instance": null,
          "key": undefined,
          "nodeType": "class",
          "props": Object {
            "children": Array [
              <Svg
                type="SvgHome"
/>,
              <styled.div
                all={null}
                bottom="m"
                horizontal={null}
                left={null}
                right={null}
                top={null}
                vertical={null}
>
                <styled.h1>
                                CRYPTOCURRENCY FOR SHOPS
                                 
                                <styled.span>
                                                v
                                                1.1.1
                                </styled.span>
                </styled.h1>
</styled.div>,
              <styled.div
                all={null}
                bottom={null}
                horizontal={null}
                left={null}
                right={null}
                top={null}
                vertical="l"
>
                <span>
                                Add your retail business on the Dether map. Expand your visibility in the Dether ecosystem of crypto buyers and sellers.
                </span>
</styled.div>,
              <Message
                alignCenter={true}
                alignLeft={false}
                theme="error"
                withIcon={true}
>
                Your browser is not supported, Metamask is available on Google Chrome and Firefox only.
</Message>,
            ],
          },
          "ref": null,
          "rendered": Array [
            Object {
              "instance": null,
              "key": undefined,
              "nodeType": "function",
              "props": Object {
                "type": "SvgHome",
              },
              "ref": null,
              "rendered": null,
              "type": [Function],
            },
            Object {
              "instance": null,
              "key": undefined,
              "nodeType": "class",
              "props": Object {
                "all": null,
                "bottom": "m",
                "children": <styled.h1>
                  CRYPTOCURRENCY FOR SHOPS
                   
                  <styled.span>
                                    v
                                    1.1.1
                  </styled.span>
</styled.h1>,
                "horizontal": null,
                "left": null,
                "right": null,
                "top": null,
                "vertical": null,
              },
              "ref": null,
              "rendered": Object {
                "instance": null,
                "key": undefined,
                "nodeType": "class",
                "props": Object {
                  "children": Array [
                    "CRYPTOCURRENCY FOR SHOPS",
                    " ",
                    <styled.span>
                      v
                      1.1.1
</styled.span>,
                  ],
                },
                "ref": null,
                "rendered": Array [
                  "CRYPTOCURRENCY FOR SHOPS",
                  " ",
                  Object {
                    "instance": null,
                    "key": undefined,
                    "nodeType": "class",
                    "props": Object {
                      "children": Array [
                        "v",
                        "1.1.1",
                      ],
                    },
                    "ref": null,
                    "rendered": Array [
                      "v",
                      "1.1.1",
                    ],
                    "type": [Function],
                  },
                ],
                "type": [Function],
              },
              "type": [Function],
            },
            Object {
              "instance": null,
              "key": undefined,
              "nodeType": "class",
              "props": Object {
                "all": null,
                "bottom": null,
                "children": <span>
                  Add your retail business on the Dether map. Expand your visibility in the Dether ecosystem of crypto buyers and sellers.
</span>,
                "horizontal": null,
                "left": null,
                "right": null,
                "top": null,
                "vertical": "l",
              },
              "ref": null,
              "rendered": Object {
                "instance": null,
                "key": undefined,
                "nodeType": "host",
                "props": Object {
                  "children": "Add your retail business on the Dether map. Expand your visibility in the Dether ecosystem of crypto buyers and sellers.",
                },
                "ref": null,
                "rendered": "Add your retail business on the Dether map. Expand your visibility in the Dether ecosystem of crypto buyers and sellers.",
                "type": "span",
              },
              "type": [Function],
            },
            Object {
              "instance": null,
              "key": undefined,
              "nodeType": "function",
              "props": Object {
                "alignCenter": true,
                "alignLeft": false,
                "children": "Your browser is not supported, Metamask is available on Google Chrome and Firefox only.",
                "theme": "error",
                "withIcon": true,
              },
              "ref": null,
              "rendered": "Your browser is not supported, Metamask is available on Google Chrome and Firefox only.",
              "type": [Function],
            },
          ],
          "type": [Function],
        },
        Object {
          "instance": null,
          "key": undefined,
          "nodeType": "class",
          "props": Object {
            "all": null,
            "bottom": null,
            "children": <Footer
              toggleTermsModal={[Function]}
/>,
            "horizontal": null,
            "left": null,
            "right": null,
            "top": null,
            "vertical": "s",
          },
          "ref": null,
          "rendered": Object {
            "instance": null,
            "key": undefined,
            "nodeType": "function",
            "props": Object {
              "toggleTermsModal": [Function],
            },
            "ref": null,
            "rendered": null,
            "type": [Function],
          },
          "type": [Function],
        },
      ],
      "type": Symbol(react.fragment),
    },
  ],
  Symbol(enzyme.__options__): Object {
    "adapter": ReactSixteenAdapter {
      "options": Object {
        "enableComponentDidUpdateOnSetState": true,
      },
    },
  },
}
`;
