// Jest Snapshot v1, https://goo.gl/fbAQLP

exports[`Components Header should render Header 1`] = `
.c4 {
  display: inline-block;
  font-size: 1.6rem;
  border-radius: 89px;
  line-height: 1.15em;
  padding: 1.2rem 2rem;
  font-size: 1.3rem;
  padding: 0.8rem 1.6rem;
  color: #3C80F1;
  background: #FFFFFF;
  border: solid 1px #3C80F1;
}

.c4:active {
  box-shadow: inset 0 0.2rem 0.2rem 0 rgba(0,0,0,0.1);
}

.c2 {
  padding-right: 1.6rem;
}

.c12 {
  width: 29px;
  height: 26px;
  margin: auto;
}

.c0 {
  display: -webkit-box;
  display: -webkit-flex;
  display: -ms-flexbox;
  display: flex;
  -webkit-box-pack: justify;
  -webkit-justify-content: space-between;
  -ms-flex-pack: justify;
  justify-content: space-between;
  -webkit-flex-flow: row nowrap;
  -ms-flex-flow: row nowrap;
  flex-flow: row nowrap;
  width: 90%;
  padding: 1.6rem;
}

.c1 {
  text-align: left;
}

.c5 {
  -webkit-flex: 0 0 55%;
  -ms-flex: 0 0 55%;
  flex: 0 0 55%;
}

.c6 {
  border-radius: 1rem;
  box-shadow: 0 3px 3px 0 rgba(0,0,0,0.05),0 0 0 1px rgba(0,0,0,0.04);
  padding: 1.2rem;
  display: -webkit-box;
  display: -webkit-flex;
  display: -ms-flexbox;
  display: flex;
  -webkit-flex-flow: row nowrap;
  -ms-flex-flow: row nowrap;
  flex-flow: row nowrap;
  text-align: center;
  -webkit-align-items: center;
  -webkit-box-align: center;
  -ms-flex-align: center;
  align-items: center;
}

.c7 {
  display: -webkit-box;
  display: -webkit-flex;
  display: -ms-flexbox;
  display: flex;
  -webkit-flex-flow: row wrap;
  -ms-flex-flow: row wrap;
  flex-flow: row wrap;
}

.c3 {
  padding-top: 0.8rem;
  text-align: center;
}

.c8 {
  font-size: 1.8rem;
  font-weight: 900;
  -webkit-flex: 0 0 50%;
  -ms-flex: 0 0 50%;
  flex: 0 0 50%;
  padding-right: 1.2rem;
  border-right: solid 1px #F1F3F6;
}

.c9 {
  font-size: 1.8rem;
  font-weight: 900;
  -webkit-flex: 0 0 50%;
  -ms-flex: 0 0 50%;
  flex: 0 0 50%;
  padding-left: 1.2rem;
}

.c10 {
  -webkit-flex: 0 0 100%;
  -ms-flex: 0 0 100%;
  flex: 0 0 100%;
  padding: 0.8rem;
  padding-bottom: 0;
}

.c11 {
  -webkit-flex: 1;
  -ms-flex: 1;
  flex: 1;
  padding: 0.8rem;
}

.c13 {
  margin-top: 0.4rem;
}

@media (max-width:420px) {
  .c12 {
    width: 20px;
    height: 18px;
  }
}

@media (min-width:768px) {
  .c0 {
    width: 100%;
  }
}

@media (max-width:550px) {
  .c0 {
    padding: 1.2rem;
    font-size: 1.2rem;
  }
}

@media (max-width:550px) {
  .c6 {
    padding: 0.8rem;
  }
}

@media (min-width:768px) {
  .c7 {
    border-right: solid 1px #F1F3F6;
  }
}

@media (max-width:550px) {
  .c3 > a {
    padding: 0.8rem 0.8rem;
    font-size: 1.2rem;
  }
}

@media (max-width:550px) {
  .c8 {
    font-size: 1.3rem;
    padding-right: 0.8rem;
  }
}

@media (max-width:320px) {
  .c8 {
    width: 90%;
    margin: auto;
    -webkit-flex: none;
    -ms-flex: none;
    flex: none;
    padding: 0 0;
    border: none;
  }
}

@media (max-width:550px) {
  .c9 {
    font-size: 1.3rem;
    padding-left: 0.8rem;
  }
}

@media (max-width:320px) {
  .c9 {
    width: 90%;
    margin: auto;
    -webkit-flex: none;
    -ms-flex: none;
    flex: none;
    padding: 0 0;
  }
}

@media (max-width:768px) {
  .c11 {
    display: none;
  }
}

<header
  className="c0"
>
  <div
    className="c1"
  >
    <div
      className="c2"
    >
      <svg
        height={36}
        type="SvgDether"
        viewBox="0 0 103 36"
        width={103}
      >
        <title>
          Group
        </title>
        <g
          fill="none"
          fillRule="evenodd"
        >
          <g
            fill="#3C80F1"
          >
            <path
              d="M14.14.27C6.588.27.444 6.784.444 14.794c0 .768.081 1.545.231 2.327.031.162.208.232.335.135a2.955 2.955 0 0 1 1.804-.619h.002a.22.22 0 0 0 .212-.26 9.377 9.377 0 0 1-.142-1.583c0-6.582 5.049-11.936 11.254-11.936 6.206 0 11.255 5.354 11.255 11.936 0 6.584-7.943 14.992-10.785 17.962a.642.642 0 0 1-.94 0 87.232 87.232 0 0 1-3.5-3.848l-.057-.005a11.364 11.364 0 0 1-3.362-.886c-.201-.088-.38.17-.24.349 1.823 2.35 3.813 4.53 5.594 6.39a2.81 2.81 0 0 0 2.035.878 2.81 2.81 0 0 0 2.036-.879c5.006-5.227 11.66-12.982 11.66-19.961 0-8.01-6.143-14.526-13.696-14.526"
            />
            <path
              d="M19.837 16.262c-.006.204-.015.407-.031.606-.063.798-.21 1.543-.486 2.22-.274.679-.68 1.309-1.181 1.93l.015.014c-.95 1.12-2.138 2.044-3.461 2.628-1.32.586-2.762.846-4.156.696a7.427 7.427 0 0 1-3.742-1.505 4.244 4.244 0 0 0 1.046-.171c.294-.088.594-.217.882-.4.287-.182.56-.422.786-.705.228-.282.404-.605.53-.932.122-.326.197-.656.236-.971.04-.308.037-.651.037-.843V9.303l.001-.026.006-.05a.545.545 0 0 1 .266-.39.459.459 0 0 1 .176-.058c.015-.002.031-.004.047-.004h2.597l.063.002c.085.005.168.001.253.01.677.046 1.369.257 2.02.577 1.31.643 2.451 1.749 3.189 3.068.183.33.342.674.475 1.028.13.354.23.718.305 1.086.077.369.114.744.127 1.12 0 .097.008.183.005.288l-.005.308zm2.44-.683a9.335 9.335 0 0 0-.176-1.563 9.983 9.983 0 0 0-.423-1.504 10.485 10.485 0 0 0-.647-1.4c-1.002-1.78-2.483-3.216-4.26-4.097-.89-.435-1.86-.739-2.883-.811-.126-.013-.256-.012-.384-.017l-.097-.003h-2.553l-.113.002a2.81 2.81 0 0 0-1.304.364 3.097 3.097 0 0 0-1.392 1.703 3.233 3.233 0 0 0-.174.989l-.001.115v9.472c0 .26 0 .369-.017.509a1.543 1.543 0 0 1-.078.335.845.845 0 0 1-.126.223c-.095.119-.241.221-.473.292-.23.07-.525.093-.836.067a3.96 3.96 0 0 1-.962-.212 4.58 4.58 0 0 1-1.721-1.066l-.002-.003a1.169 1.169 0 0 0-1.44-.189c-.588.352-.796 1.141-.465 1.764.858 1.616 2 3.133 3.47 4.29.73.577 1.54 1.06 2.398 1.414a9.613 9.613 0 0 0 2.678.68c1.832.195 3.678-.145 5.34-.885a11.454 11.454 0 0 0 4.34-3.355l.015.014c.604-.746 1.179-1.616 1.574-2.6.4-.982.598-2.028.675-3.026.02-.25.03-.498.038-.745l.006-.368c.003-.12-.004-.26-.006-.389z"
            />
          </g>
          <g
            fill="#3C80F1"
          >
            <path
              d="M57.202 18.747c-.04-2.25-1.002-3.1-2.503-3.1-1.743 0-2.483.934-2.604 3.1h5.107zm-7.69.977c0-4.056 1.682-6.371 5.167-6.371 2.963 0 4.866 1.848 4.866 5.925 0 .166-.004.35-.01.535-.016.425-.346.76-.747.76h-6.632c.12 2.676 1.18 3.611 3.484 3.611.964 0 1.835-.156 2.678-.467.295-.109.61.093.654.42l.16 1.185a.537.537 0 0 1-.307.564c-.964.43-2.154.698-3.486.698-4.065 0-5.827-2.273-5.827-6.86zM64.462 15.647v7.114c0 1.126.56 1.593 1.582 1.593.064 0 .132-.003.203-.008.436-.029.815.319.851.78l.033.406c.034.434-.245.826-.648.91-.354.074-.767.12-1.18.12-2.263 0-3.384-1.38-3.384-3.737v-7.178h-.72c-.432 0-.782-.372-.782-.83v-.423c0-.458.35-.829.782-.829h.8l.362-2.352a.821.821 0 0 1 .71-.707l.512-.054c.47-.05.879.342.879.843v2.27h2.042c.432 0 .781.371.781.829v.424c0 .457-.35.829-.781.829h-2.042zM77.172 26.35c-.477 0-.864-.41-.864-.916v-7.367c0-1.486-.72-2.272-2.283-2.272-1.061 0-1.982.51-2.403 1.19v8.519c0 .467-.357.846-.798.846h-.947c-.44 0-.798-.379-.798-.846V10.65c0-.521.384-.951.874-.98l.693-.04c.53-.031.976.416.976.98v2.233l-.04 1.7.06.041c.901-.892 2.043-1.252 3.184-1.252 2.563 0 4.045 1.72 4.045 4.735v7.367c0 .506-.387.916-.864.916h-.835zM88.354 18.747c-.04-2.25-1.001-3.1-2.503-3.1-1.742 0-2.483.934-2.603 3.1h5.106zm-7.69.977c0-4.056 1.683-6.371 5.167-6.371 2.964 0 4.866 1.848 4.866 5.925 0 .08 0 .165-.002.251-.011.58-.461 1.045-1.009 1.045h-6.378c.12 2.675 1.181 3.61 3.484 3.61.886 0 1.694-.131 2.473-.394.405-.137.83.13.89.576l.109.808a.724.724 0 0 1-.416.768c-.94.398-2.084.642-3.356.642-4.065 0-5.827-2.273-5.827-6.86zM92.63 25.48V14.477c0-.464.342-.848.778-.875l.47-.03c.444-.027.829.322.872.79l.143 1.56h.06c.741-1.656 1.983-2.548 3.465-2.548.147 0 .289.006.424.016.466.036.82.457.79.951l-.053.918c-.03.508-.451.885-.929.834a3.649 3.649 0 0 0-.393-.022c-1.742 0-3.083 1.445-3.083 3.844v5.565c0 .48-.368.87-.82.87h-.903c-.453 0-.82-.39-.82-.87M41.023 23.674h-2.934V12.15h2.934c2.703 0 4.818 1.708 4.818 5.828 0 4.417-2.215 5.696-4.818 5.696m.02-14.222h-4.83c-.41 0-.743.353-.743.788v15.323c0 .435.332.787.742.787h4.871c4.386 0 7.337-2.574 7.337-8.35 0-5.544-2.711-8.548-7.377-8.548"
            />
          </g>
          <g
            transform="translate(83.428 .049)"
          >
            <path
              d="M6.425 5.43c0 .67-.323 1.074-1.146 1.074H3.915V2.72h1.307c.704 0 1.06.323 1.06.943 0 .47-.213.732-.508.838v.01c.409.1.651.388.651.917zm-.485-.04c0-.44-.214-.641-.675-.641h-.88v1.31h.9c.418 0 .655-.17.655-.67zm-.123-1.635c0-.418-.19-.58-.609-.58h-.823v1.17h.856c.39 0 .576-.191.576-.59zm1.845 2.28h1.802l-.014.469H7.177V2.72h2.192l.014.474H7.662V4.32h1.474v.434H7.662v1.28zm4.707-2.83h-1.06v3.299h-.495V3.205h-1.06l.014-.484h2.592l.01.484zm2.83 3.299l-.286-.903h-1.57l-.284.903h-.523l1.312-3.783h.58l1.317 3.783h-.547zM14.132 3.1l-.119.393-.527 1.66h1.288l-.518-1.66-.11-.393h-.014z"
              fill="#121E38"
            />
            <rect
              height={8.032}
              rx={3}
              stroke="#121E38"
              width={17.613}
              x={0.863}
              y={0.526}
            />
          </g>
        </g>
      </svg>
      <div
        className="c3"
      >
        <button
          className="c4"
          disabled={false}
          onClick={[Function]}
          width={null}
        >
          Buy DTH
        </button>
      </div>
    </div>
  </div>
  <div
    className="c5"
  >
    <div
      className="c6"
    >
      <div
        className="c7"
        onClick={[Function]}
      >
        <div
          className="c8"
        >
          2.456
           ETH
        </div>
        <div
          className="c9"
        >
          25634
           DTH
        </div>
        <div
          className="c10"
        >
          Your balance
        </div>
      </div>
      <button
        className="c11"
        onClick={[Function]}
      >
        <div
          className="c12"
        >
          <svg
            type="SvgRefresh"
            viewBox="0 0 29 26"
          >
            <title>
              Memories Icon
            </title>
            <path
              d="M3.39 12.953C3.64 6.273 9.133.933 15.874.933c6.9 0 12.493 5.593 12.493 12.492 0 6.9-5.593 12.493-12.493 12.493-2.904 0-5.659-.995-7.867-2.788a1.041 1.041 0 0 1 1.312-1.617 10.361 10.361 0 0 0 6.555 2.323c5.75 0 10.41-4.661 10.41-10.41 0-5.75-4.66-10.411-10.41-10.411-5.672 0-10.285 4.536-10.408 10.178l1.705-1.478a1.041 1.041 0 1 1 1.364 1.574l-3.42 2.965a1.041 1.041 0 0 1-1.419-.05L.563 13.07a1.041 1.041 0 1 1 1.472-1.472l1.355 1.355z"
              fill="#2A2B43"
              fillRule="evenodd"
            />
          </svg>
        </div>
        <div
          className="c13"
        >
          Refresh
        </div>
      </button>
    </div>
  </div>
</header>
`;
